m 10 best 107 proposal 1
m 10 best 63 proposal 4
m 10 best 62 proposal 36
m 10 best 61 proposal 41
m 10 best 60 proposal 75
m 10 best 56 proposal 91
m 10 best 48 proposal 93
m 10 best 47 proposal 302
m 10 best 46 proposal 305
m 10 best 45 proposal 315
m 10 best 42 proposal 318
m 10 best 39 proposal 366
m 10 best 38 proposal 367
m 10 best 36 proposal 372
m 10 best 35 proposal 448
m 10 best 34 proposal 494
m 10 best 33 proposal 498
m 10 best 31 proposal 563
m 10 best 28 proposal 617
m 10 best 27 proposal 637
m 10 best 24 proposal 1048
m 10 best 23 proposal 1052
m 10 best 21 proposal 1095
m 10 best 19 proposal 1102
m 10 best 18 proposal 1515
m 10 best 15 proposal 1524
m 10 best 14 proposal 1842
m 10 best 13 proposal 2015
m 10 best 12 proposal 4630
m 10 best 11 proposal 4642
m 10 best 10 proposal 4736
m 10 best 8 proposal 4796
m 10 best 7 proposal 30103
completed 10 10 restarts
completed 10 20 restarts
m 10 best 6 proposal 114684
completed 10 30 restarts
RESULT 10 120000 112543 6 0
m 11 best 101 proposal 1
m 11 best 100 proposal 26
m 11 best 98 proposal 27
m 11 best 85 proposal 31
m 11 best 83 proposal 38
m 11 best 79 proposal 210
m 11 best 78 proposal 215
m 11 best 76 proposal 342
m 11 best 75 proposal 352
m 11 best 74 proposal 363
m 11 best 66 proposal 458
m 11 best 64 proposal 474
m 11 best 56 proposal 500
m 11 best 52 proposal 513
m 11 best 44 proposal 543
m 11 best 35 proposal 547
m 11 best 29 proposal 569
m 11 best 27 proposal 615
m 11 best 25 proposal 620
m 11 best 24 proposal 645
m 11 best 22 proposal 767
m 11 best 21 proposal 777
m 11 best 19 proposal 808
m 11 best 18 proposal 821
m 11 best 17 proposal 3486
m 11 best 15 proposal 4614
m 11 best 13 proposal 4681
m 11 best 11 proposal 4712
m 11 best 9 proposal 4778
m 11 best 8 proposal 5379
m 11 best 7 proposal 5677
m 11 best 6 proposal 7510
completed 11 10 restarts
completed 11 20 restarts
completed 11 30 restarts
RESULT 11 120000 113031 6 0
m 12 best 55 proposal 1
m 12 best 44 proposal 5
m 12 best 43 proposal 6
m 12 best 39 proposal 27
m 12 best 37 proposal 52
m 12 best 36 proposal 550
m 12 best 34 proposal 567
m 12 best 31 proposal 568
m 12 best 29 proposal 894
m 12 best 28 proposal 895
m 12 best 27 proposal 904
m 12 best 25 proposal 943
m 12 best 20 proposal 1145
m 12 best 19 proposal 2000
m 12 best 16 proposal 2546
m 12 best 14 proposal 2871
m 12 best 10 proposal 3622
m 12 best 9 proposal 3635
m 12 best 7 proposal 3772
m 12 best 5 proposal 12921
m 12 best 4 proposal 13060
m 12 best 3 proposal 13295
m 12 best 2 proposal 34838
completed 12 10 restarts
m 12 best 0 proposal 44889
FOUND m 12 min 2 pair False
RESULT 12 44889 43209 0 1
m 13 best 144 proposal 1
m 13 best 126 proposal 2
m 13 best 109 proposal 3
m 13 best 108 proposal 24
m 13 best 106 proposal 39
m 13 best 86 proposal 43
m 13 best 80 proposal 47
m 13 best 78 proposal 51
m 13 best 60 proposal 54
m 13 best 58 proposal 87
m 13 best 52 proposal 117
m 13 best 51 proposal 146
m 13 best 50 proposal 318
m 13 best 47 proposal 411
m 13 best 44 proposal 414
m 13 best 35 proposal 417
m 13 best 33 proposal 612
m 13 best 32 proposal 650
m 13 best 30 proposal 658
m 13 best 26 proposal 662
m 13 best 25 proposal 724
m 13 best 23 proposal 727
m 13 best 22 proposal 747
m 13 best 20 proposal 826
m 13 best 15 proposal 833
m 13 best 12 proposal 878
m 13 best 11 proposal 910
m 13 best 10 proposal 1008
m 13 best 6 proposal 1219
m 13 best 5 proposal 1234
m 13 best 4 proposal 1530
m 13 best 3 proposal 3641
m 13 best 2 proposal 3655
m 13 best 1 proposal 3665
m 13 best 0 proposal 19959
FOUND m 13 min 2 pair True
RESULT 13 19959 19097 0 1
m 14 best 220 proposal 1
m 14 best 144 proposal 2
m 14 best 131 proposal 14
m 14 best 126 proposal 15
m 14 best 113 proposal 40
m 14 best 112 proposal 42
m 14 best 111 proposal 57
m 14 best 99 proposal 61
m 14 best 86 proposal 68
m 14 best 75 proposal 70
m 14 best 64 proposal 71
m 14 best 62 proposal 77
m 14 best 56 proposal 80
m 14 best 52 proposal 91
m 14 best 51 proposal 195
m 14 best 48 proposal 198
m 14 best 40 proposal 203
m 14 best 37 proposal 208
m 14 best 36 proposal 212
m 14 best 28 proposal 273
m 14 best 26 proposal 298
m 14 best 22 proposal 684
m 14 best 21 proposal 799
m 14 best 20 proposal 830
m 14 best 17 proposal 935
m 14 best 16 proposal 989
m 14 best 15 proposal 995
m 14 best 14 proposal 1380
m 14 best 12 proposal 1434
m 14 best 11 proposal 1675
m 14 best 10 proposal 1716
m 14 best 9 proposal 1848
m 14 best 7 proposal 1863
m 14 best 6 proposal 2292
m 14 best 5 proposal 2345
m 14 best 3 proposal 13192
completed 14 10 restarts
m 14 best 2 proposal 58770
completed 14 20 restarts
m 14 best 1 proposal 85527
completed 14 30 restarts
RESULT 14 120000 115147 1 0
